******************************************************************************
                  TI ARM Linker PC v20.2.7                     
******************************************************************************
>> Linked Thu May  1 11:05:25 2025

OUTPUT FILE NAME:   <lab7_final.out>
ENTRY POINT SYMBOL: "_c_int00_noargs"  address: 000020e1


MEMORY CONFIGURATION

         name            origin    length      used     unused   attr    fill
----------------------  --------  ---------  --------  --------  ----  --------
  FLASH                 00000000   00040000  00002370  0003dc90  R  X
  SRAM                  20000000   00008000  000054f8  00002b08  RW X


SEGMENT ALLOCATION MAP

run origin  load origin   length   init length attrs members
----------  ----------- ---------- ----------- ----- -------
00000000    00000000    00002370   00002370    r-x
  00000000    00000000    0000026c   0000026c    r-- .intvecs
  0000026c    0000026c    00001ed4   00001ed4    r-x .text
  00002140    00002140    00000230   00000230    r-- .cinit
20000000    20000000    000054f8   00000000    rw-
  20000000    20000000    000052f8   00000000    rw- .data
  200052f8    200052f8    00000200   00000000    rw- .stack


SECTION ALLOCATION MAP

 output                                  attributes/
section   page    origin      length       input sections
--------  ----  ----------  ----------   ----------------
.intvecs   0    00000000    0000026c     
                  00000000    0000026c     tm4c123gh6pm_startup_ccs.obj (.intvecs)

.text      0    0000026c    00001ed4     
                  0000026c    00001772     main_routine.obj (.text)
                  000019de    0000039a     library.obj (.text)
                  00001d78    0000021e     pong_lib.obj (.text)
                  00001f96    0000009c     rtsv7M4_T_le_v4SPD16_eabi.lib : memcpy_t2.asm.obj (.text)
                  00002032    00000068                                   : copy_decompress_lzss.c.obj (.text:decompress:lzss:__TI_decompress_lzss)
                  0000209a    00000002     --HOLE-- [fill = 0]
                  0000209c    00000044                                   : autoinit.c.obj (.text:__TI_auto_init_nobinit_nopinit:__TI_auto_init_nobinit_nopinit)
                  000020e0    00000034                                   : boot_cortex_m.c.obj (.text:_c_int00_noargs:_c_int00_noargs)
                  00002114    0000000e                                   : copy_decompress_none.c.obj (.text:decompress:none:__TI_decompress_none)
                  00002122    0000000c     tm4c123gh6pm_startup_ccs.obj (.text)
                  0000212e    0000000a     main.obj (.text)
                  00002138    00000004     rtsv7M4_T_le_v4SPD16_eabi.lib : pre_init.c.obj (.text:_system_pre_init)
                  0000213c    00000004                                   : exit.c.obj (.text:abort:abort)

.cinit     0    00002140    00000230     
                  00002140    00000220     (.cinit..data.load) [load image, compression = lzss]
                  00002360    00000008     (__TI_handler_table)
                  00002368    00000008     (__TI_cinit_table)

.init_array 
*          0    00000000    00000000     UNINITIALIZED

.data      0    20000000    000052f8     UNINITIALIZED
                  20000000    00004f8f     pong_lib.obj (.data)
                  20004f8f    00000369     main_routine.obj (.data)

.stack     0    200052f8    00000200     UNINITIALIZED
                  200052f8    00000004     rtsv7M4_T_le_v4SPD16_eabi.lib : boot_cortex_m.c.obj (.stack)
                  200052fc    000001fc     --HOLE--

__llvm_prf_cnts 
*          0    20000000    00000000     UNINITIALIZED

MODULE SUMMARY

       Module                         code   ro data   rw data
       ------                         ----   -------   -------
    .\
       pong_lib.obj                   542    0         20367  
       main_routine.obj               6002   0         873    
       library.obj                    922    0         0      
       tm4c123gh6pm_startup_ccs.obj   12     620       0      
       main.obj                       10     0         0      
    +--+------------------------------+------+---------+---------+
       Total:                         7488   620       21240  
                                                              
    C:\ti\ccs1281\ccs\tools\compiler\ti-cgt-arm_20.2.7.LTS\lib\rtsv7M4_T_le_v4SPD16_eabi.lib
       memcpy_t2.asm.obj              156    0         0      
       copy_decompress_lzss.c.obj     104    0         0      
       autoinit.c.obj                 68     0         0      
       boot_cortex_m.c.obj            52     0         0      
       copy_decompress_none.c.obj     14     0         0      
       exit.c.obj                     4      0         0      
       pre_init.c.obj                 4      0         0      
    +--+------------------------------+------+---------+---------+
       Total:                         402    0         0      
                                                              
       Stack:                         0      0         512    
       Linker Generated:              0      560       0      
    +--+------------------------------+------+---------+---------+
       Grand Total:                   7890   1180      21752  


LINKER GENERATED COPY TABLES

__TI_cinit_table @ 00002368 records: 1, size/record: 8, table size: 8
	.data: load addr=00002140, load size=00000220 bytes, run addr=20000000, run size=000052f8 bytes, compression=lzss


LINKER GENERATED HANDLER TABLE

__TI_handler_table @ 00002360 records: 2, size/record: 4, table size: 8
	index: 0, handler: __TI_decompress_lzss
	index: 1, handler: __TI_decompress_none


GLOBAL SYMBOLS: SORTED ALPHABETICALLY BY Name 

address   name                          
-------   ----                          
0000213d  C$$EXIT                       
00002123  ResetISR                      
000018d9  Second_Timer_Handler          
00001325  Switch_Handler                
000014bd  Timer_Handler                 
00001099  UART0_Handler                 
200054f8  __STACK_END                   
00000200  __STACK_SIZE                  
200054f8  __STACK_TOP                   
00002368  __TI_CINIT_Base               
00002370  __TI_CINIT_Limit              
00002360  __TI_Handler_Table_Base       
00002368  __TI_Handler_Table_Limit      
0000209d  __TI_auto_init_nobinit_nopinit
00002033  __TI_decompress_lzss          
00002115  __TI_decompress_none          
ffffffff  __TI_pprof_out_hndl           
ffffffff  __TI_prof_data_size           
ffffffff  __TI_prof_data_start          
00000000  __TI_static_base__            
00001f97  __aeabi_memcpy                
00001f97  __aeabi_memcpy4               
00001f97  __aeabi_memcpy8               
ffffffff  __binit__                     
ffffffff  __c_args__                    
UNDEFED   __mpu_init                    
200052f8  __stack                       
20000000  __start___llvm_prf_cnts       
20000000  __stop___llvm_prf_cnts        
000020e1  _c_int00_noargs               
UNDEFED   _system_post_cinit            
00002139  _system_pre_init              
0000213d  abort                         
00001dcb  background_gen                
ffffffff  binit                         
00001c4b  division                      
00000000  g_pfnVectors                  
00001a95  gpio_btn_and_LED_init         
00000efb  gpio_interrupt_init           
00001be7  illuminate_LEDs               
00001c01  illuminate_RGB_LED            
00001da5  init_game                     
00001cb3  int2string                    
0000212f  main                          
000002f1  main_routine                  
00001f97  memcpy                        
00000e51  mov_cursor                    
00001c93  multiplication                
00001b23  output_character              
00001ba7  output_string                 
00000999  power_up_randomizer           
00000b83  print_clock_value             
00001d98  ptr_to_BLUEplayer             
00001da0  ptr_to_CLOCK                  
00001d9c  ptr_to_REDplayer              
00000924  ptr_to_power_up_xpos          
00000280  ptr_to_side_border            
00001b41  read_character                
00001bcb  read_from_push_btns           
00001b5f  read_string                   
00001c27  read_tiva_push_button         
00000e37  reset_cursor                  
00000e93  set_color                     
00001d47  string2int                    
00000f8d  timer_intterupt_innit         
000019df  uart_init                     
00000ed5  uart_interrupt_init           
00000ad5  update_score                  


GLOBAL SYMBOLS: SORTED BY Symbol Address 

address   name                          
-------   ----                          
00000000  __TI_static_base__            
00000000  g_pfnVectors                  
00000200  __STACK_SIZE                  
00000280  ptr_to_side_border            
000002f1  main_routine                  
00000924  ptr_to_power_up_xpos          
00000999  power_up_randomizer           
00000ad5  update_score                  
00000b83  print_clock_value             
00000e37  reset_cursor                  
00000e51  mov_cursor                    
00000e93  set_color                     
00000ed5  uart_interrupt_init           
00000efb  gpio_interrupt_init           
00000f8d  timer_intterupt_innit         
00001099  UART0_Handler                 
00001325  Switch_Handler                
000014bd  Timer_Handler                 
000018d9  Second_Timer_Handler          
000019df  uart_init                     
00001a95  gpio_btn_and_LED_init         
00001b23  output_character              
00001b41  read_character                
00001b5f  read_string                   
00001ba7  output_string                 
00001bcb  read_from_push_btns           
00001be7  illuminate_LEDs               
00001c01  illuminate_RGB_LED            
00001c27  read_tiva_push_button         
00001c4b  division                      
00001c93  multiplication                
00001cb3  int2string                    
00001d47  string2int                    
00001d98  ptr_to_BLUEplayer             
00001d9c  ptr_to_REDplayer              
00001da0  ptr_to_CLOCK                  
00001da5  init_game                     
00001dcb  background_gen                
00001f97  __aeabi_memcpy                
00001f97  __aeabi_memcpy4               
00001f97  __aeabi_memcpy8               
00001f97  memcpy                        
00002033  __TI_decompress_lzss          
0000209d  __TI_auto_init_nobinit_nopinit
000020e1  _c_int00_noargs               
00002115  __TI_decompress_none          
00002123  ResetISR                      
0000212f  main                          
00002139  _system_pre_init              
0000213d  C$$EXIT                       
0000213d  abort                         
00002360  __TI_Handler_Table_Base       
00002368  __TI_CINIT_Base               
00002368  __TI_Handler_Table_Limit      
00002370  __TI_CINIT_Limit              
20000000  __start___llvm_prf_cnts       
20000000  __stop___llvm_prf_cnts        
200052f8  __stack                       
200054f8  __STACK_END                   
200054f8  __STACK_TOP                   
ffffffff  __TI_pprof_out_hndl           
ffffffff  __TI_prof_data_size           
ffffffff  __TI_prof_data_start          
ffffffff  __binit__                     
ffffffff  __c_args__                    
ffffffff  binit                         
UNDEFED   __mpu_init                    
UNDEFED   _system_post_cinit            

[68 symbols]
